0 verbose cli /Users/petyosv/.nvm/versions/node/v20.18.2/bin/node /Users/petyosv/.nvm/versions/node/v20.18.2/bin/npm
1 info using npm@10.8.2
2 info using node@v20.18.2
3 silly config load:file:/Users/petyosv/.nvm/versions/node/v20.18.2/lib/node_modules/npm/npmrc
4 silly config load:file:/Users/petyosv/Projects/Lab/theme-registry/.npmrc
5 silly config load:file:/Users/petyosv/.npmrc
6 silly config load:file:/Users/petyosv/.nvm/versions/node/v20.18.2/etc/npmrc
7 verbose title npm pack
8 verbose argv "pack"
9 verbose logfile logs-max:10 dir:/Users/petyosv/Projects/Lab/theme-registry/.npm-cache/_logs/2025-10-11T06_58_04_298Z-
10 verbose logfile /Users/petyosv/Projects/Lab/theme-registry/.npm-cache/_logs/2025-10-11T06_58_04_298Z-debug-0.log
11 silly logfile done cleaning log files
12 silly packumentCache heap:4345298944 maxSize:1086324736 maxEntrySize:543162368
13 notice
14 notice 📦  @4i4/theme-registry@1.1.3
15 notice Tarball Contents
16 notice 11.7kB README.md
16 notice 1.6kB package.json
17 notice Tarball Details
18 notice name: @4i4/theme-registry
19 notice version: 1.1.3
20 notice filename: 4i4-theme-registry-1.1.3.tgz
21 notice package size: 2.9 kB
22 notice unpacked size: 13.3 kB
23 notice shasum: 2003fa5360a88673e6cce72cd1894970c35a80be
24 notice integrity: sha512-Z9aKlOz7HEq2x[...]UTEI7LDFg5fWQ==
25 notice total files: 2
26 notice
27 verbose cwd /Users/petyosv/Projects/Lab/theme-registry
28 verbose os Darwin 24.6.0
29 verbose node v20.18.2
30 verbose npm  v10.8.2
31 verbose exit 0
32 info ok
