0 verbose cli /Users/petyosv/.nvm/versions/node/v20.18.2/bin/node /Users/petyosv/.nvm/versions/node/v20.18.2/bin/npm
1 info using npm@10.8.2
2 info using node@v20.18.2
3 silly config load:file:/Users/petyosv/.nvm/versions/node/v20.18.2/lib/node_modules/npm/npmrc
4 silly config load:file:/Users/petyosv/Projects/Lab/theme-registry/.npmrc
5 silly config load:file:/Users/petyosv/.npmrc
6 silly config load:file:/Users/petyosv/.nvm/versions/node/v20.18.2/etc/npmrc
7 verbose title npm pack
8 verbose argv "pack"
9 verbose logfile logs-max:10 dir:/Users/petyosv/Projects/Lab/theme-registry/.npm-cache/_logs/2025-10-11T06_57_41_588Z-
10 verbose logfile /Users/petyosv/Projects/Lab/theme-registry/.npm-cache/_logs/2025-10-11T06_57_41_588Z-debug-0.log
11 silly logfile done cleaning log files
12 silly packumentCache heap:4345298944 maxSize:1086324736 maxEntrySize:543162368
13 http fetch GET https://registry.npmjs.org/npm attempt 1 failed with ENOTFOUND
14 notice
15 notice 📦  @4i4/theme-registry@1.1.3
16 notice Tarball Contents
17 notice 11.7kB README.md
17 notice 999B dist/index.cjs.js
17 notice 3.8kB dist/index.cjs.js.map
17 notice 1.1kB dist/index.d.ts
17 notice 994B dist/index.esm.js
17 notice 3.8kB dist/index.esm.js.map
17 notice 1.6kB package.json
18 notice Tarball Details
19 notice name: @4i4/theme-registry
20 notice version: 1.1.3
21 notice filename: 4i4-theme-registry-1.1.3.tgz
22 notice package size: 5.4 kB
23 notice unpacked size: 24.1 kB
24 notice shasum: dd5fcfb9fc16c3a722637898b156b9f820ed8dd6
25 notice integrity: sha512-Xl2IKHVE2zvYE[...]UnzsuayR1WIrg==
26 notice total files: 7
27 notice
28 verbose cwd /Users/petyosv/Projects/Lab/theme-registry
29 verbose os Darwin 24.6.0
30 verbose node v20.18.2
31 verbose npm  v10.8.2
32 verbose exit 0
33 info ok
